// Jest Snapshot v1, https://goo.gl/fbAQLP

exports[`Circle should call read method which return right structure for write method 1`] = `
Array [
  Object {
    "args": Array [
      Object {
        "event": "event",
      },
    ],
    "meta": Object {
      "interval": 60,
    },
    "payload": 111,
    "read": [MockFunction] {
      "calls": Array [
        Array [
          Object {
            "event": "event",
          },
        ],
      ],
      "results": Array [
        Object {
          "type": "return",
          "value": 111,
        },
      ],
    },
    "time": 1,
    "write": [Function],
  },
]
`;
